src/components/viewer/Viewer.tsx(264,40): error TS2556: A spread argument must either have a tuple type or be passed to a rest parameter.
